Component: ARM Compiler 5.05 update 2 (build 169) Tool: armlink [4d0f33]

==============================================================================

Section Cross References

    startup_stm32f030.o(STACK) refers (Special) to heapauxi.o(.text) for __use_two_region_memory
    startup_stm32f030.o(HEAP) refers (Special) to heapauxi.o(.text) for __use_two_region_memory
    startup_stm32f030.o(RESET) refers (Special) to heapauxi.o(.text) for __use_two_region_memory
    startup_stm32f030.o(RESET) refers to startup_stm32f030.o(STACK) for __initial_sp
    startup_stm32f030.o(RESET) refers to startup_stm32f030.o(.text) for Reset_Handler
    startup_stm32f030.o(.text) refers (Special) to heapauxi.o(.text) for __use_two_region_memory
    startup_stm32f030.o(.text) refers to startup_stm32f030.o(STACK) for __initial_sp
    startup_stm32f030.o(.text) refers to system_stm32f0xx.o(i.SystemInit) for SystemInit
    startup_stm32f030.o(.text) refers to __main.o(!!!main) for __main
    startup_stm32f030.o(.text) refers to startup_stm32f030.o(HEAP) for Heap_Mem
    system_stm32f0xx.o(i.SystemCoreClockUpdate) refers to aeabi_sdiv.o(.text) for __aeabi_uidivmod
    system_stm32f0xx.o(i.SystemCoreClockUpdate) refers to system_stm32f0xx.o(.data) for SystemCoreClock
    system_stm32f0xx.o(i.SystemInit) refers to system_stm32f0xx.o(i.SetSysClock) for SetSysClock
    __main.o(!!!main) refers to __rtentry.o(.ARM.Collect$$rtentry$$00000000) for __rt_entry
    __rtentry.o(.ARM.Collect$$rtentry$$00000000) refers (Special) to __rtentry2.o(.ARM.Collect$$rtentry$$0000000A) for __rt_entry_li
    __rtentry.o(.ARM.Collect$$rtentry$$00000000) refers (Special) to __rtentry2.o(.ARM.Collect$$rtentry$$0000000D) for __rt_entry_main
    __rtentry.o(.ARM.Collect$$rtentry$$00000000) refers (Special) to __rtentry2.o(.ARM.Collect$$rtentry$$0000000C) for __rt_entry_postli_1
    __rtentry.o(.ARM.Collect$$rtentry$$00000000) refers (Special) to __rtentry2.o(.ARM.Collect$$rtentry$$00000009) for __rt_entry_postsh_1
    __rtentry.o(.ARM.Collect$$rtentry$$00000000) refers (Special) to __rtentry2.o(.ARM.Collect$$rtentry$$00000002) for __rt_entry_presh_1
    __rtentry.o(.ARM.Collect$$rtentry$$00000000) refers (Special) to __rtentry4.o(.ARM.Collect$$rtentry$$00000004) for __rt_entry_sh
    aeabi_idiv0_sigfpe.o(.text) refers to rt_div0.o(.text) for __rt_div0
    __rtentry2.o(.ARM.Collect$$rtentry$$00000008) refers to boardinit2.o(.text) for _platform_post_stackheap_init
    __rtentry2.o(.ARM.Collect$$rtentry$$0000000A) refers to libinit.o(.ARM.Collect$$libinit$$00000000) for __rt_lib_init
    __rtentry2.o(.ARM.Collect$$rtentry$$0000000B) refers to boardinit3.o(.text) for _platform_post_lib_init
    __rtentry2.o(.ARM.Collect$$rtentry$$0000000D) refers to exit.o(.text) for exit
    __rtentry2.o(.ARM.exidx) refers to __rtentry2.o(.ARM.Collect$$rtentry$$00000001) for .ARM.Collect$$rtentry$$00000001
    __rtentry2.o(.ARM.exidx) refers to __rtentry2.o(.ARM.Collect$$rtentry$$00000008) for .ARM.Collect$$rtentry$$00000008
    __rtentry2.o(.ARM.exidx) refers to __rtentry2.o(.ARM.Collect$$rtentry$$0000000A) for .ARM.Collect$$rtentry$$0000000A
    __rtentry2.o(.ARM.exidx) refers to __rtentry2.o(.ARM.Collect$$rtentry$$0000000B) for .ARM.Collect$$rtentry$$0000000B
    __rtentry2.o(.ARM.exidx) refers to __rtentry2.o(.ARM.Collect$$rtentry$$0000000D) for .ARM.Collect$$rtentry$$0000000D
    __rtentry4.o(.ARM.Collect$$rtentry$$00000004) refers to sys_stackheap_outer.o(.text) for __user_setup_stackheap
    __rtentry4.o(.ARM.exidx) refers to __rtentry4.o(.ARM.Collect$$rtentry$$00000004) for .ARM.Collect$$rtentry$$00000004
    rt_div0.o(.text) refers to defsig_fpe_outer.o(.text) for __rt_SIGFPE
    sys_stackheap_outer.o(.text) refers to libspace.o(.text) for __user_perproc_libspace
    sys_stackheap_outer.o(.text) refers to startup_stm32f030.o(.text) for __user_initial_stackheap
    sys_stackheap_outer.o(__vectab_stack_and_reset_area) refers to tempstk.o(.text) for __temporary_stack_top
    sys_stackheap_outer.o(__vectab_stack_and_reset_area) refers to __main.o(!!!main) for __main
    exit.o(.text) refers to rtexit.o(.ARM.Collect$$rtexit$$00000000) for __rt_exit
    defsig_fpe_outer.o(.text) refers to defsig_fpe_inner.o(.text) for __rt_SIGFPE_inner
    defsig_fpe_outer.o(.text) refers to defsig_exit.o(.text) for __sig_exit
    defsig_fpe_formal.o(.text) refers to rt_raise.o(.text) for __rt_raise
    libinit.o(.ARM.Collect$$libinit$$00000000) refers (Special) to libinit2.o(.ARM.Collect$$libinit$$0000002E) for __rt_lib_init_alloca_1
    libinit.o(.ARM.Collect$$libinit$$00000000) refers (Special) to libinit2.o(.ARM.Collect$$libinit$$00000027) for __rt_lib_init_argv_1
    libinit.o(.ARM.Collect$$libinit$$00000000) refers (Special) to libinit2.o(.ARM.Collect$$libinit$$0000001B) for __rt_lib_init_atexit_1
    libinit.o(.ARM.Collect$$libinit$$00000000) refers (Special) to libinit2.o(.ARM.Collect$$libinit$$00000021) for __rt_lib_init_clock_1
    libinit.o(.ARM.Collect$$libinit$$00000000) refers (Special) to libinit2.o(.ARM.Collect$$libinit$$00000032) for __rt_lib_init_cpp_1
    libinit.o(.ARM.Collect$$libinit$$00000000) refers (Special) to libinit2.o(.ARM.Collect$$libinit$$00000030) for __rt_lib_init_exceptions_1
    libinit.o(.ARM.Collect$$libinit$$00000000) refers (Special) to libinit2.o(.ARM.Collect$$libinit$$00000002) for __rt_lib_init_fp_1
    libinit.o(.ARM.Collect$$libinit$$00000000) refers (Special) to libinit2.o(.ARM.Collect$$libinit$$0000001F) for __rt_lib_init_fp_trap_1
    libinit.o(.ARM.Collect$$libinit$$00000000) refers (Special) to libinit2.o(.ARM.Collect$$libinit$$00000023) for __rt_lib_init_getenv_1
    libinit.o(.ARM.Collect$$libinit$$00000000) refers (Special) to libinit2.o(.ARM.Collect$$libinit$$0000000A) for __rt_lib_init_heap_1
    libinit.o(.ARM.Collect$$libinit$$00000000) refers (Special) to libinit2.o(.ARM.Collect$$libinit$$00000011) for __rt_lib_init_lc_collate_1
    libinit.o(.ARM.Collect$$libinit$$00000000) refers (Special) to libinit2.o(.ARM.Collect$$libinit$$00000013) for __rt_lib_init_lc_ctype_1
    libinit.o(.ARM.Collect$$libinit$$00000000) refers (Special) to libinit2.o(.ARM.Collect$$libinit$$00000015) for __rt_lib_init_lc_monetary_1
    libinit.o(.ARM.Collect$$libinit$$00000000) refers (Special) to libinit2.o(.ARM.Collect$$libinit$$00000017) for __rt_lib_init_lc_numeric_1
    libinit.o(.ARM.Collect$$libinit$$00000000) refers (Special) to libinit2.o(.ARM.Collect$$libinit$$00000019) for __rt_lib_init_lc_time_1
    libinit.o(.ARM.Collect$$libinit$$00000000) refers (Special) to libinit2.o(.ARM.Collect$$libinit$$00000004) for __rt_lib_init_preinit_1
    libinit.o(.ARM.Collect$$libinit$$00000000) refers (Special) to libinit2.o(.ARM.Collect$$libinit$$0000000E) for __rt_lib_init_rand_1
    libinit.o(.ARM.Collect$$libinit$$00000000) refers (Special) to libinit2.o(.ARM.Collect$$libinit$$00000033) for __rt_lib_init_return
    libinit.o(.ARM.Collect$$libinit$$00000000) refers (Special) to libinit2.o(.ARM.Collect$$libinit$$0000001D) for __rt_lib_init_signal_1
    libinit.o(.ARM.Collect$$libinit$$00000000) refers (Special) to libinit2.o(.ARM.Collect$$libinit$$00000025) for __rt_lib_init_stdio_1
    libinit.o(.ARM.Collect$$libinit$$00000000) refers (Special) to libinit2.o(.ARM.Collect$$libinit$$0000000C) for __rt_lib_init_user_alloc_1
    libspace.o(.text) refers to libspace.o(.bss) for __libspace_start
    rtexit.o(.ARM.Collect$$rtexit$$00000000) refers (Special) to rtexit2.o(.ARM.Collect$$rtexit$$00000004) for __rt_exit_exit
    rtexit.o(.ARM.Collect$$rtexit$$00000000) refers (Special) to rtexit2.o(.ARM.Collect$$rtexit$$00000003) for __rt_exit_ls
    rtexit.o(.ARM.Collect$$rtexit$$00000000) refers (Special) to rtexit2.o(.ARM.Collect$$rtexit$$00000002) for __rt_exit_prels_1
    rtexit.o(.ARM.exidx) refers (Special) to rtexit2.o(.ARM.Collect$$rtexit$$00000004) for __rt_exit_exit
    rtexit.o(.ARM.exidx) refers (Special) to rtexit2.o(.ARM.Collect$$rtexit$$00000003) for __rt_exit_ls
    rtexit.o(.ARM.exidx) refers (Special) to rtexit2.o(.ARM.Collect$$rtexit$$00000002) for __rt_exit_prels_1
    rtexit.o(.ARM.exidx) refers to rtexit.o(.ARM.Collect$$rtexit$$00000000) for .ARM.Collect$$rtexit$$00000000
    rt_raise.o(.text) refers to __raise.o(.text) for __raise
    rt_raise.o(.text) refers to sys_exit.o(.text) for _sys_exit
    defsig_exit.o(.text) refers to sys_exit.o(.text) for _sys_exit
    defsig_fpe_inner.o(.text) refers to defsig_general.o(.text) for __default_signal_display
    libinit2.o(.ARM.Collect$$libinit$$00000010) refers to libinit2.o(.ARM.Collect$$libinit$$0000000F) for .ARM.Collect$$libinit$$0000000F
    libinit2.o(.ARM.Collect$$libinit$$00000012) refers to libinit2.o(.ARM.Collect$$libinit$$0000000F) for .ARM.Collect$$libinit$$0000000F
    libinit2.o(.ARM.Collect$$libinit$$00000014) refers to libinit2.o(.ARM.Collect$$libinit$$0000000F) for .ARM.Collect$$libinit$$0000000F
    libinit2.o(.ARM.Collect$$libinit$$00000016) refers to libinit2.o(.ARM.Collect$$libinit$$0000000F) for .ARM.Collect$$libinit$$0000000F
    libinit2.o(.ARM.Collect$$libinit$$00000018) refers to libinit2.o(.ARM.Collect$$libinit$$0000000F) for .ARM.Collect$$libinit$$0000000F
    libinit2.o(.ARM.Collect$$libinit$$00000026) refers to argv_veneer.o(.text) for __ARM_argv_veneer
    libinit2.o(.ARM.Collect$$libinit$$00000027) refers to argv_veneer.o(.text) for __ARM_argv_veneer
    sys_exit.o(.text) refers (Special) to use_no_semi.o(.text) for __I$use$semihosting
    sys_exit.o(.text) refers (Special) to indicate_semi.o(.text) for __semihosting_library_function
    rtexit2.o(.ARM.Collect$$rtexit$$00000003) refers to libshutdown.o(.ARM.Collect$$libshutdown$$00000000) for __rt_lib_shutdown
    rtexit2.o(.ARM.Collect$$rtexit$$00000004) refers to sys_exit.o(.text) for _sys_exit
    rtexit2.o(.ARM.exidx) refers to rtexit2.o(.ARM.Collect$$rtexit$$00000001) for .ARM.Collect$$rtexit$$00000001
    rtexit2.o(.ARM.exidx) refers to rtexit2.o(.ARM.Collect$$rtexit$$00000003) for .ARM.Collect$$rtexit$$00000003
    rtexit2.o(.ARM.exidx) refers to rtexit2.o(.ARM.Collect$$rtexit$$00000004) for .ARM.Collect$$rtexit$$00000004
    __raise.o(.text) refers to defsig.o(CL$$defsig) for __default_signal_handler
    defsig_general.o(.text) refers to sys_wrch.o(.text) for _ttywrch
    argv_veneer.o(.text) refers to _get_argv_nomalloc.o(.text) for __ARM_get_argv
    sys_wrch.o(.text) refers (Special) to use_no_semi.o(.text) for __I$use$semihosting
    sys_wrch.o(.text) refers (Special) to indicate_semi.o(.text) for __semihosting_library_function
    defsig.o(CL$$defsig) refers to defsig_fpe_inner.o(.text) for __rt_SIGFPE_inner
    defsig.o(CL$$defsig) refers to defsig_rtmem_inner.o(.text) for __rt_SIGRTMEM_inner
    _get_argv_nomalloc.o(.text) refers (Special) to hrguard.o(.text) for __heap_region$guard
    _get_argv_nomalloc.o(.text) refers to defsig_rtmem_outer.o(.text) for __rt_SIGRTMEM
    _get_argv_nomalloc.o(.text) refers to sys_command.o(.text) for _sys_command_string
    libshutdown.o(.ARM.Collect$$libshutdown$$00000000) refers (Special) to libshutdown2.o(.ARM.Collect$$libshutdown$$00000006) for __rt_lib_shutdown_fp_trap_1
    libshutdown.o(.ARM.Collect$$libshutdown$$00000000) refers (Special) to libshutdown2.o(.ARM.Collect$$libshutdown$$0000000E) for __rt_lib_shutdown_heap_1
    libshutdown.o(.ARM.Collect$$libshutdown$$00000000) refers (Special) to libshutdown2.o(.ARM.Collect$$libshutdown$$0000000F) for __rt_lib_shutdown_return
    libshutdown.o(.ARM.Collect$$libshutdown$$00000000) refers (Special) to libshutdown2.o(.ARM.Collect$$libshutdown$$00000009) for __rt_lib_shutdown_signal_1
    libshutdown.o(.ARM.Collect$$libshutdown$$00000000) refers (Special) to libshutdown2.o(.ARM.Collect$$libshutdown$$00000003) for __rt_lib_shutdown_stdio_1
    libshutdown.o(.ARM.Collect$$libshutdown$$00000000) refers (Special) to libshutdown2.o(.ARM.Collect$$libshutdown$$0000000B) for __rt_lib_shutdown_user_alloc_1
    sys_command.o(.text) refers (Special) to use_no_semi.o(.text) for __I$use$semihosting
    sys_command.o(.text) refers (Special) to indicate_semi.o(.text) for __semihosting_library_function
    defsig_abrt_inner.o(.text) refers to defsig_general.o(.text) for __default_signal_display
    defsig_rtred_inner.o(.text) refers to defsig_general.o(.text) for __default_signal_display
    defsig_rtmem_inner.o(.text) refers to defsig_general.o(.text) for __default_signal_display
    defsig_rtmem_outer.o(.text) refers to defsig_rtmem_inner.o(.text) for __rt_SIGRTMEM_inner
    defsig_rtmem_outer.o(.text) refers to defsig_exit.o(.text) for __sig_exit
    defsig_rtmem_formal.o(.text) refers to rt_raise.o(.text) for __rt_raise
    defsig_stak_inner.o(.text) refers to defsig_general.o(.text) for __default_signal_display
    defsig_pvfn_inner.o(.text) refers to defsig_general.o(.text) for __default_signal_display
    defsig_cppl_inner.o(.text) refers to defsig_general.o(.text) for __default_signal_display
    defsig_segv_inner.o(.text) refers to defsig_general.o(.text) for __default_signal_display
    defsig_other.o(.text) refers to defsig_general.o(.text) for __default_signal_display


==============================================================================

Removing Unused input sections from the image.

    Removing system_stm32f0xx.o(.rev16_text), (4 bytes).
    Removing system_stm32f0xx.o(.revsh_text), (4 bytes).
    Removing system_stm32f0xx.o(i.SystemCoreClockUpdate), (176 bytes).
    Removing system_stm32f0xx.o(.data), (20 bytes).

4 unused section(s) (total 204 bytes) removed from the image.

==============================================================================

Memory Map of the image

  Image Entry point : 0x00000000

  Load Region LR_IROM1 (Base: 0x08000000, Size: 0x0000051c, Max: 0x00008000, ABSOLUTE)

    Execution Region ER_IROM1 (Base: 0x08000000, Size: 0x0000051c, Max: 0x00008000, ABSOLUTE)

    Base Addr    Size         Type   Attr      Idx    E Section Name        Object

    0x08000000   0x000000b4   Data   RO            3    RESET               startup_stm32f030.o
    0x080000b4   0x00000008   Code   RO           71  * !!!main             c_p.l(__main.o)
    0x080000bc   0x00000002   Code   RO          109    .ARM.Collect$$libinit$$00000000  c_p.l(libinit.o)
    0x080000be   0x00000000   Code   RO          123    .ARM.Collect$$libinit$$00000002  c_p.l(libinit2.o)
    0x080000be   0x00000000   Code   RO          125    .ARM.Collect$$libinit$$00000004  c_p.l(libinit2.o)
    0x080000be   0x00000000   Code   RO          128    .ARM.Collect$$libinit$$0000000A  c_p.l(libinit2.o)
    0x080000be   0x00000000   Code   RO          130    .ARM.Collect$$libinit$$0000000C  c_p.l(libinit2.o)
    0x080000be   0x00000000   Code   RO          132    .ARM.Collect$$libinit$$0000000E  c_p.l(libinit2.o)
    0x080000be   0x00000000   Code   RO          135    .ARM.Collect$$libinit$$00000011  c_p.l(libinit2.o)
    0x080000be   0x00000000   Code   RO          137    .ARM.Collect$$libinit$$00000013  c_p.l(libinit2.o)
    0x080000be   0x00000000   Code   RO          139    .ARM.Collect$$libinit$$00000015  c_p.l(libinit2.o)
    0x080000be   0x00000000   Code   RO          141    .ARM.Collect$$libinit$$00000017  c_p.l(libinit2.o)
    0x080000be   0x00000000   Code   RO          143    .ARM.Collect$$libinit$$00000019  c_p.l(libinit2.o)
    0x080000be   0x00000000   Code   RO          145    .ARM.Collect$$libinit$$0000001B  c_p.l(libinit2.o)
    0x080000be   0x00000000   Code   RO          147    .ARM.Collect$$libinit$$0000001D  c_p.l(libinit2.o)
    0x080000be   0x00000000   Code   RO          149    .ARM.Collect$$libinit$$0000001F  c_p.l(libinit2.o)
    0x080000be   0x00000000   Code   RO          151    .ARM.Collect$$libinit$$00000021  c_p.l(libinit2.o)
    0x080000be   0x00000000   Code   RO          153    .ARM.Collect$$libinit$$00000023  c_p.l(libinit2.o)
    0x080000be   0x00000000   Code   RO          155    .ARM.Collect$$libinit$$00000025  c_p.l(libinit2.o)
    0x080000be   0x00000008   Code   RO          157    .ARM.Collect$$libinit$$00000027  c_p.l(libinit2.o)
    0x080000c6   0x00000000   Code   RO          161    .ARM.Collect$$libinit$$0000002E  c_p.l(libinit2.o)
    0x080000c6   0x00000000   Code   RO          163    .ARM.Collect$$libinit$$00000030  c_p.l(libinit2.o)
    0x080000c6   0x00000000   Code   RO          165    .ARM.Collect$$libinit$$00000032  c_p.l(libinit2.o)
    0x080000c6   0x00000002   Code   RO          166    .ARM.Collect$$libinit$$00000033  c_p.l(libinit2.o)
    0x080000c8   0x00000002   Code   RO          197    .ARM.Collect$$libshutdown$$00000000  c_p.l(libshutdown.o)
    0x080000ca   0x00000000   Code   RO          224    .ARM.Collect$$libshutdown$$00000003  c_p.l(libshutdown2.o)
    0x080000ca   0x00000000   Code   RO          227    .ARM.Collect$$libshutdown$$00000006  c_p.l(libshutdown2.o)
    0x080000ca   0x00000000   Code   RO          230    .ARM.Collect$$libshutdown$$00000009  c_p.l(libshutdown2.o)
    0x080000ca   0x00000000   Code   RO          232    .ARM.Collect$$libshutdown$$0000000B  c_p.l(libshutdown2.o)
    0x080000ca   0x00000000   Code   RO          235    .ARM.Collect$$libshutdown$$0000000E  c_p.l(libshutdown2.o)
    0x080000ca   0x00000002   Code   RO          236    .ARM.Collect$$libshutdown$$0000000F  c_p.l(libshutdown2.o)
    0x080000cc   0x00000000   Code   RO           73    .ARM.Collect$$rtentry$$00000000  c_p.l(__rtentry.o)
    0x080000cc   0x00000000   Code   RO           79    .ARM.Collect$$rtentry$$00000002  c_p.l(__rtentry2.o)
    0x080000cc   0x00000006   Code   RO           91    .ARM.Collect$$rtentry$$00000004  c_p.l(__rtentry4.o)
    0x080000d2   0x00000000   Code   RO           81    .ARM.Collect$$rtentry$$00000009  c_p.l(__rtentry2.o)
    0x080000d2   0x00000004   Code   RO           82    .ARM.Collect$$rtentry$$0000000A  c_p.l(__rtentry2.o)
    0x080000d6   0x00000000   Code   RO           84    .ARM.Collect$$rtentry$$0000000C  c_p.l(__rtentry2.o)
    0x080000d6   0x00000008   Code   RO           85    .ARM.Collect$$rtentry$$0000000D  c_p.l(__rtentry2.o)
    0x080000de   0x00000002   Code   RO          114    .ARM.Collect$$rtexit$$00000000  c_p.l(rtexit.o)
    0x080000e0   0x00000000   Code   RO          170    .ARM.Collect$$rtexit$$00000002  c_p.l(rtexit2.o)
    0x080000e0   0x00000004   Code   RO          171    .ARM.Collect$$rtexit$$00000003  c_p.l(rtexit2.o)
    0x080000e4   0x00000006   Code   RO          172    .ARM.Collect$$rtexit$$00000004  c_p.l(rtexit2.o)
    0x080000ea   0x00000002   PAD
    0x080000ec   0x00000074   Code   RO            4    .text               startup_stm32f030.o
    0x08000160   0x00000006   Code   RO           69    .text               c_p.l(heapauxi.o)
    0x08000166   0x0000003e   Code   RO           95    .text               c_p.l(sys_stackheap_outer.o)
    0x080001a4   0x0000000c   Code   RO           98    .text               c_p.l(exit.o)
    0x080001b0   0x00000008   Code   RO          110    .text               c_p.l(libspace.o)
    0x080001b8   0x0000000c   Code   RO          118    .text               c_p.l(defsig_exit.o)
    0x080001c4   0x0000000c   Code   RO          167    .text               c_p.l(sys_exit.o)
    0x080001d0   0x00000034   Code   RO          178    .text               c_p.l(defsig_general.o)
    0x08000204   0x00000008   Code   RO          180    .text               c_p.l(argv_veneer.o)
    0x0800020c   0x0000000c   Code   RO          184    .text               c_p.l(sys_wrch.o)
    0x08000218   0x00000002   Code   RO          186    .text               c_p.l(use_no_semi.o)
    0x0800021a   0x00000000   Code   RO          188    .text               c_p.l(indicate_semi.o)
    0x0800021a   0x00000132   Code   RO          193    .text               c_p.l(_get_argv_nomalloc.o)
    0x0800034c   0x0000001a   Code   RO          198    .text               c_p.l(sys_command.o)
    0x08000366   0x00000004   Code   RO          200    .text               c_p.l(hrguard.o)
    0x0800036a   0x00000002   PAD
    0x0800036c   0x00000050   Code   RO          206    .text               c_p.l(defsig_rtmem_inner.o)
    0x080003bc   0x0000000c   Code   RO          208    .text               c_p.l(defsig_rtmem_outer.o)
    0x080003c8   0x000000d8   Code   RO           12    i.SetSysClock       system_stm32f0xx.o
    0x080004a0   0x0000007c   Code   RO           14    i.SystemInit        system_stm32f0xx.o
    0x0800051c   0x00000000   Data   RO          237    Region$$Table       anon$$obj.o


    Execution Region RW_IRAM1 (Base: 0x20000000, Size: 0x00000660, Max: 0x00001000, ABSOLUTE)

    Base Addr    Size         Type   Attr      Idx    E Section Name        Object

    0x20000000   0x00000060   Zero   RW          111    .bss                c_p.l(libspace.o)
    0x20000060   0x00000200   Zero   RW            2    HEAP                startup_stm32f030.o
    0x20000260   0x00000400   Zero   RW            1    STACK               startup_stm32f030.o

