###############################################################################
#
# IAR ELF Linker V7.40.3.8902/W32 for ARM                 13/Aug/2015  08:55:38
# Copyright 2007-2015 IAR Systems AB.
#
#    Output file  =  
#        D:\MDK Projects\TXA-XiangNong-x1\Project\EWARM\Debug\Exe\STM32F0x.out
#    Map file     =  
#        D:\MDK Projects\TXA-XiangNong-x1\Project\EWARM\Debug\List\STM32F0x.map
#    Command line =  
#        "D:\MDK Projects\TXA-XiangNong-x1\Project\EWARM\Debug\Obj\bsp.o"
#        "D:\MDK Projects\TXA-XiangNong-x1\Project\EWARM\Debug\Obj\bsp_usart.o"
#        "D:\MDK Projects\TXA-XiangNong-x1\Project\EWARM\Debug\Obj\main.o"
#        "D:\MDK
#        Projects\TXA-XiangNong-x1\Project\EWARM\Debug\Obj\startup_stm32f0xx.o"
#        "D:\MDK
#        Projects\TXA-XiangNong-x1\Project\EWARM\Debug\Obj\stm32f0xx_adc.o"
#        "D:\MDK
#        Projects\TXA-XiangNong-x1\Project\EWARM\Debug\Obj\stm32f0xx_cec.o"
#        "D:\MDK
#        Projects\TXA-XiangNong-x1\Project\EWARM\Debug\Obj\stm32f0xx_comp.o"
#        "D:\MDK
#        Projects\TXA-XiangNong-x1\Project\EWARM\Debug\Obj\stm32f0xx_crc.o"
#        "D:\MDK
#        Projects\TXA-XiangNong-x1\Project\EWARM\Debug\Obj\stm32f0xx_dac.o"
#        "D:\MDK
#        Projects\TXA-XiangNong-x1\Project\EWARM\Debug\Obj\stm32f0xx_dbgmcu.o"
#        "D:\MDK
#        Projects\TXA-XiangNong-x1\Project\EWARM\Debug\Obj\stm32f0xx_dma.o"
#        "D:\MDK
#        Projects\TXA-XiangNong-x1\Project\EWARM\Debug\Obj\stm32f0xx_exti.o"
#        "D:\MDK
#        Projects\TXA-XiangNong-x1\Project\EWARM\Debug\Obj\stm32f0xx_flash.o"
#        "D:\MDK
#        Projects\TXA-XiangNong-x1\Project\EWARM\Debug\Obj\stm32f0xx_gpio.o"
#        "D:\MDK
#        Projects\TXA-XiangNong-x1\Project\EWARM\Debug\Obj\stm32f0xx_i2c.o"
#        "D:\MDK
#        Projects\TXA-XiangNong-x1\Project\EWARM\Debug\Obj\stm32f0xx_it.o"
#        "D:\MDK
#        Projects\TXA-XiangNong-x1\Project\EWARM\Debug\Obj\stm32f0xx_iwdg.o"
#        "D:\MDK
#        Projects\TXA-XiangNong-x1\Project\EWARM\Debug\Obj\stm32f0xx_misc.o"
#        "D:\MDK
#        Projects\TXA-XiangNong-x1\Project\EWARM\Debug\Obj\stm32f0xx_pwr.o"
#        "D:\MDK
#        Projects\TXA-XiangNong-x1\Project\EWARM\Debug\Obj\stm32f0xx_rcc.o"
#        "D:\MDK
#        Projects\TXA-XiangNong-x1\Project\EWARM\Debug\Obj\stm32f0xx_rtc.o"
#        "D:\MDK
#        Projects\TXA-XiangNong-x1\Project\EWARM\Debug\Obj\stm32f0xx_spi.o"
#        "D:\MDK
#        Projects\TXA-XiangNong-x1\Project\EWARM\Debug\Obj\stm32f0xx_syscfg.o"
#        "D:\MDK
#        Projects\TXA-XiangNong-x1\Project\EWARM\Debug\Obj\stm32f0xx_tim.o"
#        "D:\MDK
#        Projects\TXA-XiangNong-x1\Project\EWARM\Debug\Obj\stm32f0xx_usart.o"
#        "D:\MDK
#        Projects\TXA-XiangNong-x1\Project\EWARM\Debug\Obj\stm32f0xx_wwdg.o"
#        "D:\MDK
#        Projects\TXA-XiangNong-x1\Project\EWARM\Debug\Obj\system_stm32f0xx.o"
#        -o "D:\MDK
#        Projects\TXA-XiangNong-x1\Project\EWARM\Debug\Exe\STM32F0x.out" --map
#        "D:\MDK
#        Projects\TXA-XiangNong-x1\Project\EWARM\Debug\List\STM32F0x.map"
#        --config "D:\Program Files (x86)\IAR Systems\Embedded Workbench
#        7.2\arm\config\linker\ST\stm32f030x6.icf" --semihosting --entry
#        __iar_program_start --vfe
#
###############################################################################

*******************************************************************************
*** RUNTIME MODEL ATTRIBUTES
***

CppFlavor       = *
__SystemLibrary = DLib


*******************************************************************************
*** PLACEMENT SUMMARY
***

"A1":  place at 0x08000000 { ro section .intvec };
"P1":  place in [from 0x08000000 to 0x08007fff] { ro };
"P2":  place in [from 0x20000000 to 0x20000fff] { rw, block CSTACK, block HEAP };

  Section            Kind        Address    Size  Object
  -------            ----        -------    ----  ------
"A1":                                       0xc0
  .intvec            ro code  0x08000000    0xc0  startup_stm32f0xx.o [1]
                            - 0x080000c0    0xc0

"P1":                                     0x15bc
  .text              ro code  0x080000c0   0x36c  stm32f0xx_rcc.o [1]
  .text              ro code  0x0800042c    0xe0  I32DivModFast.o [4]
  .text              ro code  0x0800050c     0x2  IntDivZer.o [4]
  .text              ro code  0x0800050e     0x2  startup_stm32f0xx.o [1]
  .text              ro code  0x08000510   0x294  bsp.o [1]
  .text              ro code  0x080007a4   0x102  stm32f0xx_gpio.o [1]
  .text              ro code  0x080008a6     0x2  startup_stm32f0xx.o [1]
  .text              ro code  0x080008a8    0xec  stm32f0xx_tim.o [1]
  .text              ro code  0x08000994   0x13c  stm32f0xx_adc.o [1]
  .text              ro code  0x08000ad0   0x100  stm32f0xx_dma.o [1]
  .text              ro code  0x08000bd0   0x274  main.o [1]
  .text              ro code  0x08000e44    0x34  ABImemcpy.o [4]
  .text              ro code  0x08000e78   0x1f0  bsp_usart.o [1]
  .text              ro code  0x08001068   0x1b2  stm32f0xx_usart.o [1]
  .text              ro code  0x0800121a     0x2  startup_stm32f0xx.o [1]
  .text              ro code  0x0800121c    0x74  stm32f0xx_misc.o [1]
  .text              ro code  0x08001290   0x198  stm32f0xx_it.o [1]
  .text              ro code  0x08001428    0xe2  system_stm32f0xx.o [1]
  .text              ro code  0x0800150a    0x30  copy_init3.o [4]
  .text              ro code  0x0800153a     0x2  startup_stm32f0xx.o [1]
  .text              ro code  0x0800153c    0x28  data_init.o [4]
  .iar.init_table    const    0x08001564    0x14  - Linker created -
  .rodata            const    0x08001578    0x1c  main.o [1]
  .text              ro code  0x08001594    0x1a  cmain.o [4]
  .text              ro code  0x080015ae     0x4  low_level_init.o [3]
  .text              ro code  0x080015b2     0x8  exit.o [3]
  .text              ro code  0x080015ba     0x2  startup_stm32f0xx.o [1]
  .text              ro code  0x080015bc     0xa  cexit.o [4]
  .text              ro code  0x080015c6     0x2  startup_stm32f0xx.o [1]
  .text              ro code  0x080015c8    0x14  exit.o [5]
  .text              ro code  0x080015dc    0x10  startup_stm32f0xx.o [1]
  .rodata            const    0x080015ec     0xc  main.o [1]
  .text              ro code  0x080015f8     0xc  cstartup_M.o [4]
  .rodata            const    0x08001604     0x8  main.o [1]
  .text              ro code  0x0800160c     0x2  startup_stm32f0xx.o [1]
  .text              ro code  0x0800160e     0x2  startup_stm32f0xx.o [1]
  .text              ro code  0x08001610     0x2  startup_stm32f0xx.o [1]
  .text              ro code  0x08001612     0x2  startup_stm32f0xx.o [1]
  .text              ro code  0x08001614     0x2  startup_stm32f0xx.o [1]
  .text              ro code  0x08001616     0x2  startup_stm32f0xx.o [1]
  .text              ro code  0x08001618     0x2  startup_stm32f0xx.o [1]
  .text              ro code  0x0800161a     0x2  startup_stm32f0xx.o [1]
  .text              ro code  0x0800161c     0x2  startup_stm32f0xx.o [1]
  .text              ro code  0x0800161e     0x2  startup_stm32f0xx.o [1]
  .text              ro code  0x08001620     0x2  startup_stm32f0xx.o [1]
  .text              ro code  0x08001622     0x2  startup_stm32f0xx.o [1]
  .text              ro code  0x08001624     0x2  startup_stm32f0xx.o [1]
  .text              ro code  0x08001626     0x2  startup_stm32f0xx.o [1]
  .text              ro code  0x08001628     0x2  startup_stm32f0xx.o [1]
  .text              ro code  0x0800162a     0x2  startup_stm32f0xx.o [1]
  .text              ro code  0x0800162c     0x2  startup_stm32f0xx.o [1]
  .text              ro code  0x0800162e     0x2  startup_stm32f0xx.o [1]
  .text              ro code  0x08001630     0x2  startup_stm32f0xx.o [1]
  .rodata            const    0x08001632     0x0  copy_init3.o [4]
  Initializer bytes  const    0x08001634    0x48  <for P2 s0>
                            - 0x0800167c  0x15bc

"P2":                                      0x448
  P2 s0                       0x20000000    0x48  <Init block>
    .bss             inited   0x20000000    0x2c  bsp_usart.o [1]
    .data            inited   0x2000002c    0x10  stm32f0xx_rcc.o [1]
    .bss             inited   0x2000003c     0x4  bsp.o [1]
    .bss             inited   0x20000040     0x4  bsp.o [1]
    .bss             inited   0x20000044     0x4  bsp.o [1]
  CSTACK                      0x20000048   0x400  <Block>
    CSTACK           uninit   0x20000048   0x400  <Block tail>
                            - 0x20000448   0x448


*******************************************************************************
*** INIT TABLE
***

          Address     Size
          -------     ----
Copy (__iar_copy_init3)
    1 source range, total size 0x48:
          0x08001634  0x48
    1 destination range, total size 0x48:
          0x20000000  0x48



*******************************************************************************
*** MODULE SUMMARY
***

    Module               ro code  ro data  rw data
    ------               -------  -------  -------
D:\MDK Projects\TXA-XiangNong-x1\Project\EWARM\Debug\Obj: [1]
    bsp.o                    660       12       12
    bsp_usart.o              496       44       44
    main.o                   628       48
    startup_stm32f0xx.o      258
    stm32f0xx_adc.o          316
    stm32f0xx_dma.o          256
    stm32f0xx_gpio.o         258
    stm32f0xx_it.o           408
    stm32f0xx_misc.o         116
    stm32f0xx_rcc.o          876       16       16
    stm32f0xx_tim.o          236
    stm32f0xx_usart.o        434
    system_stm32f0xx.o       226
    ----------------------------------------------
    Total:                 5 168      120       72

command line: [2]
    ----------------------------------------------
    Total:

dl6M_tln.a: [3]
    exit.o                     8
    low_level_init.o           4
    ----------------------------------------------
    Total:                    12

rt6M_tl.a: [4]
    ABImemcpy.o               52
    I32DivModFast.o          224
    IntDivZer.o                2
    cexit.o                   10
    cmain.o                   26
    copy_init3.o              48
    cstartup_M.o              12
    data_init.o               40
    ----------------------------------------------
    Total:                   414

shb_l.a: [5]
    exit.o                    20
    ----------------------------------------------
    Total:                    20

    Linker created                     22    1 024
--------------------------------------------------
    Grand Total:           5 614      142    1 096


*******************************************************************************
*** ENTRY LIST
***

Entry                      Address   Size  Type      Object
-----                      -------   ----  ----      ------
.iar.init_table$$Base   0x08001564          --   Gb  - Linker created -
.iar.init_table$$Limit  0x08001578          --   Gb  - Linker created -
?main                   0x08001595         Code  Gb  cmain.o [4]
ADC1_COMP_IRQHandler    0x0800129b    0x2  Code  Gb  stm32f0xx_it.o [1]
ADC1_DMA_Init           0x08000679   0xfc  Code  Gb  bsp.o [1]
ADC_ChannelConfig       0x08000a17   0x18  Code  Gb  stm32f0xx_adc.o [1]
ADC_Cmd                 0x080009fb   0x1c  Code  Gb  stm32f0xx_adc.o [1]
ADC_DMACmd              0x08000a71   0x1c  Code  Gb  stm32f0xx_adc.o [1]
ADC_DMARequestModeConfig
                        0x08000a8d   0x10  Code  Gb  stm32f0xx_adc.o [1]
ADC_DeInit              0x08000995   0x1e  Code  Gb  stm32f0xx_adc.o [1]
ADC_GetCalibrationFactor
                        0x08000a2f   0x38  Code  Gb  stm32f0xx_adc.o [1]
ADC_GetFlagStatus       0x08000a9d   0x26  Code  Gb  stm32f0xx_adc.o [1]
ADC_Init                0x080009b3   0x2e  Code  Gb  stm32f0xx_adc.o [1]
ADC_StartOfConversion   0x08000a67    0xa  Code  Gb  stm32f0xx_adc.o [1]
ADC_StructInit          0x080009e1   0x1a  Code  Gb  stm32f0xx_adc.o [1]
APBAHBPrescTable        0x2000002c   0x10  Data  Lc  stm32f0xx_rcc.o [1]
CSTACK$$Base            0x20000048          --   Gb  - Linker created -
CSTACK$$Limit           0x20000448          --   Gb  - Linker created -
DMA_Cmd                 0x08000b95   0x1c  Code  Gb  stm32f0xx_dma.o [1]
DMA_DeInit              0x08000ad1   0x84  Code  Gb  stm32f0xx_dma.o [1]
DMA_Init                0x08000b55   0x40  Code  Gb  stm32f0xx_dma.o [1]
Device                  0x20000040    0x4  Data  Gb  bsp.o [1]
GPIO_Init               0x080007a5   0xa0  Code  Gb  stm32f0xx_gpio.o [1]
GPIO_PinAFConfig        0x08000845   0x62  Code  Gb  stm32f0xx_gpio.o [1]
HardFault_Handler       0x08001293    0x4  Code  Gb  stm32f0xx_it.o [1]
NMI_Handler             0x08001291    0x2  Code  Gb  stm32f0xx_it.o [1]
NVIC_Init               0x0800121d   0x68  Code  Gb  stm32f0xx_misc.o [1]
NVIC_SetPriority        0x08000511   0x86  Code  Lc  bsp.o [1]
PendSV_Handler          0x08001299    0x2  Code  Gb  stm32f0xx_it.o [1]
RCC_AHBPeriphClockCmd   0x08000321   0x20  Code  Gb  stm32f0xx_rcc.o [1]
RCC_APB1PeriphClockCmd  0x08000361   0x20  Code  Gb  stm32f0xx_rcc.o [1]
RCC_APB2PeriphClockCmd  0x08000341   0x20  Code  Gb  stm32f0xx_rcc.o [1]
RCC_APB2PeriphResetCmd  0x08000385   0x20  Code  Gb  stm32f0xx_rcc.o [1]
RCC_DeInit              0x080000c1   0x68  Code  Gb  stm32f0xx_rcc.o [1]
RCC_GetClocksFreq       0x080001ed  0x12c  Code  Gb  stm32f0xx_rcc.o [1]
RCC_GetFlagStatus       0x080003a9   0x4a  Code  Gb  stm32f0xx_rcc.o [1]
RCC_GetSYSCLKSource     0x080001a1    0xa  Code  Gb  stm32f0xx_rcc.o [1]
RCC_HCLKConfig          0x080001ab   0x14  Code  Gb  stm32f0xx_rcc.o [1]
RCC_HSICmd              0x08000129   0x24  Code  Gb  stm32f0xx_rcc.o [1]
RCC_PLLCmd              0x08000167   0x26  Code  Gb  stm32f0xx_rcc.o [1]
RCC_PLLConfig           0x0800014d   0x1a  Code  Gb  stm32f0xx_rcc.o [1]
RCC_SYSCLKConfig        0x0800018d   0x14  Code  Gb  stm32f0xx_rcc.o [1]
Region$$Table$$Base     0x08001564          --   Gb  - Linker created -
Region$$Table$$Limit    0x08001578          --   Gb  - Linker created -
RegularConvData_Tab     0x20000044    0x4  Data  Gb  bsp.o [1]
SVC_Handler             0x08001297    0x2  Code  Gb  stm32f0xx_it.o [1]
SetSysClock             0x080014c5   0x46  Code  Lc  system_stm32f0xx.o [1]
SysTickInit             0x080005c9   0x20  Code  Gb  bsp.o [1]
SysTick_Config          0x08000597   0x32  Code  Lc  bsp.o [1]
SysTick_Handler         0x0800129d   0x16  Code  Gb  stm32f0xx_it.o [1]
SystemInit              0x08001429   0x6e  Code  Gb  system_stm32f0xx.o [1]
TIM1_BRK_UP_TRG_COM_IRQHandler
                        0x08001425    0x2  Code  Gb  stm32f0xx_it.o [1]
TIM3_Config             0x080005e9   0x8c  Code  Gb  bsp.o [1]
TIM3_IRQHandler         0x08001427    0x2  Code  Gb  stm32f0xx_it.o [1]
TIM_Cmd                 0x080008b3   0x1c  Code  Gb  stm32f0xx_tim.o [1]
TIM_OC1Init             0x080008cf   0x8e  Code  Gb  stm32f0xx_tim.o [1]
TIM_PrescalerConfig     0x080008a9    0x6  Code  Gb  stm32f0xx_tim.o [1]
TIM_SetAutoreload       0x080008af    0x4  Code  Gb  stm32f0xx_tim.o [1]
TIM_SetCompare1         0x08000985    0x4  Code  Gb  stm32f0xx_tim.o [1]
TimeMs                  0x2000003c    0x4  Data  Gb  bsp.o [1]
USART1_IRQHandler       0x080012b3  0x150  Code  Gb  stm32f0xx_it.o [1]
USART_Cmd               0x08001121   0x1c  Code  Gb  stm32f0xx_usart.o [1]
USART_Config            0x08000e79   0xa0  Code  Gb  bsp_usart.o [1]
USART_GetFlagStatus     0x080011a1   0x18  Code  Gb  stm32f0xx_usart.o [1]
USART_GetITStatus       0x080011b9   0x62  Code  Gb  stm32f0xx_usart.o [1]
USART_ITConfig          0x08001161   0x40  Code  Gb  stm32f0xx_usart.o [1]
USART_Init              0x08001069   0xb8  Code  Gb  stm32f0xx_usart.o [1]
USART_Out               0x08000f19   0xd4  Code  Gb  bsp_usart.o [1]
USART_ReceiveData       0x08001149    0x8  Code  Gb  stm32f0xx_usart.o [1]
USART_SendData          0x08001141    0x8  Code  Gb  stm32f0xx_usart.o [1]
Uart1                   0x20000000   0x2c  Data  Gb  bsp_usart.o [1]
__ICFEDIT_region_RAM_end__ {Abs}
                        0x20000fff          --   Gb  command line/config [2]
__ICFEDIT_region_RAM_start__ {Abs}
                        0x20000000          --   Gb  command line/config [2]
__aeabi_idiv            0x08000459         Code  Gb  I32DivModFast.o [4]
__aeabi_idiv0           0x0800050d         Code  Gb  IntDivZer.o [4]
__aeabi_idivmod         0x08000459         Code  Gb  I32DivModFast.o [4]
__aeabi_memcpy4         0x08000e45         Code  Wk  ABImemcpy.o [4]
__aeabi_uidiv           0x0800045f         Code  Gb  I32DivModFast.o [4]
__aeabi_uidivmod        0x0800045f         Code  Gb  I32DivModFast.o [4]
__cmain                 0x08001595         Code  Gb  cmain.o [4]
__exit                  0x080015c9   0x14  Code  Gb  exit.o [5]
__iar_copy_init3        0x0800150b   0x30  Code  Gb  copy_init3.o [4]
__iar_data_init3        0x0800153d   0x28  Code  Gb  data_init.o [4]
__iar_program_start     0x080015f9         Code  Gb  cstartup_M.o [4]
__low_level_init        0x080015af    0x4  Code  Gb  low_level_init.o [3]
__vector_table          0x08000000         Data  Gb  startup_stm32f0xx.o [1]
_call_main              0x080015a1         Code  Gb  cmain.o [4]
_exit                   0x080015bd         Code  Gb  cexit.o [4]
_main                   0x080015ab         Code  Gb  cmain.o [4]
exit                    0x080015b3    0x8  Code  Gb  exit.o [3]
itoa                    0x08000fed   0x6e  Code  Gb  bsp_usart.o [1]
main                    0x08000bd1  0x274  Code  Gb  main.o [1]


[1] = D:\MDK Projects\TXA-XiangNong-x1\Project\EWARM\Debug\Obj
[2] = command line
[3] = dl6M_tln.a
[4] = rt6M_tl.a
[5] = shb_l.a

  5 614 bytes of readonly  code memory
    142 bytes of readonly  data memory
  1 096 bytes of readwrite data memory

Errors: none
Warnings: none
